Registers:
X00    = 0000000000000000
X01    = 0000000000000000
X02    = 0000000000000000
X03    = fffffffffffff328
X04    = 0000000000000000
X05    = 0000000000000000
X06    = 0000000000000000
X07    = 00000000ff99f3d0
X08    = 0000000000000000
X09    = 0000000000000000
X10    = 0000000000000000
X11    = 00000000fffff80e
X12    = 0000000000000000
X13    = 0000000000000000
X14    = 0000000000000000
X15    = 0000000000000000
X16    = 0000000000000000
X17    = 0000000000000000
X18    = 0000000000000000
X19    = 0000000000000000
X20    = 0000000000000000
X21    = 0000000000000000
X22    = 0000000000000000
X23    = 0000000000000000
X24    = 0000000000000000
X25    = 0000000000000000
X26    = 0000000000000000
X27    = 0000000000000000
X28    = 0000000000000000
X29    = 0000000000000000
X30    = 0000000000000000
PC     = 000000000000000c
PSTATE : -Z--
Non-zero memory:
0x00000000 : 0x511fc96b
0x00000004 : 0xd1336063
0x00000008 : 0x1b03fd67
0x0000000c : 0x8a000000
