Registers:
X00    = 0000000000000000
X01    = 0000000000000000
X02    = 0000000000000000
X03    = 0000000000000000
X04    = 0000000000000000
X05    = 0000000000000000
X06    = 0000000000000000
X07    = 0000000000000000
X08    = 0000000000000000
X09    = ffffffffffe21000
X10    = 0000000000000000
X11    = 0000000000000000
X12    = 0000000000000000
X13    = 00000000ff9b54df
X14    = 0000000000000000
X15    = 0000000000000000
X16    = 0000000000000000
X17    = 0000000000000000
X18    = 0000000000000000
X19    = ffe21bc6c2c744df
X20    = 0000000000000000
X21    = 0000000000000000
X22    = 0000000000000000
X23    = 0000000000000000
X24    = 0000000000000000
X25    = 0000000000000000
X26    = 0000000000000000
X27    = 0000000000000000
X28    = 0000000000000000
X29    = 0000000000000000
X30    = 0000000000000000
PC     = 0000000000000010
PSTATE : -Z--
Non-zero memory:
0x00000000 : 0xd1592dad
0x00000004 : 0xd1477d29
0x00000008 : 0x11137dad
0x0000000c : 0x9b0935b3
0x00000010 : 0x8a000000
