Registers:
X00    = 0000000000000000
X01    = 0000000000000000
X02    = 0000000000000000
X03    = ffffffffff9c3000
X04    = 0000000000000000
X05    = 0000000000000000
X06    = 0000000000000000
X07    = 0000000000000000
X08    = 0000000000000000
X09    = 0000000000000000
X10    = 0000000000000000
X11    = 0000000000000000
X12    = 0000000000000000
X13    = 0000000000000000
X14    = 0000000000000000
X15    = 0000000000000000
X16    = 0000000000000000
X17    = 0000000000000000
X18    = 0000000000000000
X19    = 0000000000000000
X20    = 0000000000000824
X21    = 0000000000000000
X22    = 0000000000000000
X23    = 00000000ffe49010
X24    = 0000000000000000
X25    = 0000000000000000
X26    = 0000000000000000
X27    = 0000000000000000
X28    = 00000000fffff71c
X29    = 0000000000000000
X30    = 0000000000000000
PC     = 0000000000000010
PSTATE : -Z--
Non-zero memory:
0x00000000 : 0x11209294
0x00000004 : 0x5123939c
0x00000008 : 0xd158f463
0x0000000c : 0x1b1c8e97
0x00000010 : 0x8a000000
