Registers:
X00    = 0000000000000000
X01    = 000000000034d000
X02    = 0000000000000000
X03    = 0000000000000000
X04    = 0000000000000000
X05    = 0000000000000000
X06    = 0000000000000000
X07    = 0000000000000000
X08    = 0000000000000000
X09    = 0000000000000e80
X10    = 0000000000000000
X11    = 0000000000000000
X12    = 0000000000000000
X13    = ffffffffffcb217f
X14    = 0000000000000000
X15    = 0000000000000000
X16    = 0000000000000000
X17    = 0000000000000000
X18    = 0000000000000000
X19    = 0000000000000000
X20    = 0000000000000000
X21    = 0000000000000000
X22    = 0000000000000000
X23    = 0000000000000000
X24    = 0000000000000000
X25    = 0000000000000000
X26    = 0000000000000000
X27    = 0000000000000000
X28    = 0000000000000000
X29    = 0000000000000000
X30    = 0000000000000000
PC     = 000000000000000c
PSTATE : -Z--
Non-zero memory:
0x00000000 : 0x914d3421
0x00000004 : 0x913a0129
0x00000008 : 0xca29002d
0x0000000c : 0x8a000000
