Registers:
X00    = 0000000000000000
X01    = 00000000ff6dd000
X02    = 00000000fffff000
X03    = 0000000000000000
X04    = 0000000000000000
X05    = 0000000000000000
X06    = 0000000000000000
X07    = 0000000000000000
X08    = 0000000000000000
X09    = 0000000000000000
X10    = 0000000000000000
X11    = 0000000000000000
X12    = 0000000000000000
X13    = 0000000000000000
X14    = 0000000000000000
X15    = 0000000000000000
X16    = 0000000000000000
X17    = 0000000000000000
X18    = 0000000000000000
X19    = 0000000000000000
X20    = 0000000000000000
X21    = 0000000000000000
X22    = 0000000000000000
X23    = 0000000000000000
X24    = 0000000000000000
X25    = 0000000000000000
X26    = 0000000000000000
X27    = 0000000000000000
X28    = 0000000000000000
X29    = 00000000009af000
X30    = 0000000000000000
PC     = 000000000000000c
PSTATE : -Z--
Non-zero memory:
0x00000000 : 0x51648c21
0x00000004 : 0x9166bfbd
0x00000008 : 0x2a9d0022
0x0000000c : 0x8a000000
